<div id="container">
<div class="group"><div class="group-header" style="padding:5px;"><span class="open-close-icon"></span>地震</div>
<div class="group-content" style="margin-left:10px;">
<a href="http://headline.2ch.net/bbynamazu/">地震headline</a><br/>
<a href="http://anago.2ch.net/namazuplus/">地震速報</a><br/>
<a href="http://hayabusa.2ch.net/eq/">臨時地震</a><br/>
<a href="http://hayabusa2.2ch.net/eqplus/">臨時地震+</a><br/>
<a href="http://uni.2ch.net/lifeline/">緊急自然災害</a><br/>
</div><!--Close Group Content-->
</div><!--Close Group-->
<div class="group"><div class="group-header" style="padding:5px;"><span class="open-close-icon"></span>特別企画</div>
<div class="group-content" style="margin-left:10px;">
<a href="http://find.2ch.net/">2ch検索</a><br/>
<a href="http://be.2ch.net/">be.2ch.net</a><br/>
<a href="http://find.2ch.net/enq/board.php">アンケート</a><br/>
<a href="http://2ch.tora3.net/">2chビューア</a><br/>
<a href="http://epg.2ch.net/tv2chwiki/">テレビ番組欄</a><br/>
<a href="http://shop.2ch.net/">2chオークション</a><br/>
<a href="http://watch.2ch.net/">2ch観察帳</a><br/>
</div><!--Close Group Content-->
</div><!--Close Group-->
<div class="group"><div class="group-header" style="padding:5px;"><span class="open-close-icon"></span>ニュース</div>
<div class="group-content" style="margin-left:10px;">
<a href="http://headline.2ch.net/bbynews/">速報headline</a><br/>
<a href="http://newsnavi.2ch.net/">2NN+</a><br/>
<a href="http://anago.2ch.net/bizplus/">ビジネスnews+</a><br/>
<a href="http://uni.2ch.net/newsplus/">ニュース速報+</a><br/>
<a href="http://uni.2ch.net/lifeline/">緊急自然災害</a><br/>
<a href="http://anago.2ch.net/wildplus/">ニュース二軍+</a><br/>
<a href="http://anago.2ch.net/moeplus/">萌えニュース+</a><br/>
<a href="http://hayabusa3.2ch.net/mnewsplus/">芸スポ速報+</a><br/>
<a href="http://anago.2ch.net/femnewsplus/">ほのぼのnews+</a><br/>
<a href="http://anago.2ch.net/dqnplus/">痛いニュース+</a><br/>
<a href="http://anago.2ch.net/scienceplus/">科学ニュース+</a><br/>
<a href="http://anago.2ch.net/owabiplus/">お詫び+</a><br/>
<a href="http://kohada.2ch.net/liveplus/">ニュース実況+</a><br/>
<a href="http://hayabusa3.2ch.net/news/">ニュース速報</a><br/>
<a href="http://ikura.2ch.net/trafficinfo/">交通情報</a><br/>
<a href="http://ikura.2ch.net/musicnews/">芸能音楽速報</a><br/>
<a href="http://engawa.2ch.net/comicnews/">アニメ漫画速報</a><br/>
<a href="http://awabi.2ch.net/gamenews/">ゲーム速報</a><br/>
<a href="http://kohada.2ch.net/pcnews/">PCニュース</a><br/>
<a href="http://ikura.2ch.net/news7/">私のニュース</a><br/>
<a href="http://ikura.2ch.net/archives/">懐かしニュース</a><br/>
<a href="http://toro.2ch.net/news2/">ニュース議論</a><br/>
<a href="http://anago.2ch.net/asia/">ニュース極東</a><br/>
<a href="http://ikura.2ch.net/bakanews/">バカニュース</a><br/>
<a href="http://engawa.2ch.net/editorial/">社説</a><br/>
<a href="http://uni.2ch.net/wikileaks/">WikiLeaks</a><br/>
</div><!--Close Group Content-->
</div><!--Close Group-->
<div class="group"><div class="group-header" style="padding:5px;"><span class="open-close-icon"></span>案内</div>
<div class="group-content" style="margin-left:10px;">
<a href="http://ikura.2ch.net/entrance/">ラウンジ</a><br/>
<a href="http://uni.2ch.net/entrance2/">ﾗｳﾝｼﾞｸﾗｼｯｸ</a><br/>
<a href="http://ikura.2ch.net/qa/">初心者の質問</a><br/>
<a href="http://kohada.2ch.net/pcqa/">PC初心者</a><br/>
<a href="http://info.2ch.net/wiki/">2chプロジェクト</a><br/>
<a href="http://ikura.2ch.net/goods/">グッズリスト</a><br/>
<a href="http://anago.2ch.net/gline/">ガイドライン</a><br/>
<a href="http://ikura.2ch.net/event/">イベント企画</a><br/>
<a href="http://uni.2ch.net/2chse/">2ch証券取引所</a><br/>
<a href="http://info.2ch.net/rank/">いろいろランク</a><br/>
<a href="http://ikura.2ch.net/dataroom/">資料室</a><br/>
<a href="http://kohada.2ch.net/vote/">投票所</a><br/>
</div><!--Close Group Content-->
</div><!--Close Group-->
<div class="group"><div class="group-header" style="padding:5px;"><span class="open-close-icon"></span>馴れ合い</div>
<div class="group-content" style="margin-left:10px;">
<a href="http://toro.2ch.net/intro/">自己紹介</a><br/>
<a href="http://kohada.2ch.net/honobono/">ほのぼの</a><br/>
<a href="http://kohada.2ch.net/yume/">夢・独り言</a><br/>
<a href="http://kohada.2ch.net/offmatrix/">大規模OFF</a><br/>
<a href="http://engawa.2ch.net/offreg/">定期OFF</a><br/>
<a href="http://toro.2ch.net/offevent/">突発OFF</a><br/>
</div><!--Close Group Content-->
</div><!--Close Group-->
<div class="group"><div class="group-header" style="padding:5px;"><span class="open-close-icon"></span>社会</div>
<div class="group-content" style="margin-left:10px;">
<a href="http://anago.2ch.net/mass/">マスコミ</a><br/>
<a href="http://anago.2ch.net/youth/">少年犯罪</a><br/>
<a href="http://uni.2ch.net/disaster/">自然災害</a><br/>
<a href="http://anago.2ch.net/119/">消防救急防災</a><br/>
<a href="http://toro.2ch.net/gender/">男性論女性論</a><br/>
<a href="http://awabi.2ch.net/giin/">議員・選挙</a><br/>
<a href="http://ikura.2ch.net/manifesto/">政治家語録</a><br/>
<a href="http://uni.2ch.net/police/">警察</a><br/>
<a href="http://anago.2ch.net/court/">裁判・司法</a><br/>
<a href="http://engawa.2ch.net/saibanin/">裁判員制度</a><br/>
<a href="http://uni.2ch.net/soc/">社会・世評</a><br/>
<a href="http://anago.2ch.net/atom/">環境・電力</a><br/>
<a href="http://uni.2ch.net/energy/">エネルギー</a><br/>
<a href="http://anago.2ch.net/river/">河川・ダム等</a><br/>
<a href="http://uni.2ch.net/traf/">運輸・交通</a><br/>
<a href="http://engawa.2ch.net/way/">道路・高速道路</a><br/>
<a href="http://anago.2ch.net/develop/">都市計画</a><br/>
<a href="http://uni.2ch.net/recruit/">就職</a><br/>
<a href="http://kohada.2ch.net/job/">転職</a><br/>
<a href="http://uni.2ch.net/volunteer/">ボランティア</a><br/>
<a href="http://anago.2ch.net/welfare/">介護・福祉</a><br/>
<a href="http://uni.2ch.net/mayor/">地方自治知事</a><br/>
<a href="http://engawa.2ch.net/ftax/">ふるさと納税</a><br/>
<a href="http://uni.2ch.net/jsdf/">自衛隊</a><br/>
<a href="http://toro.2ch.net/nenga/">郵便・郵政</a><br/>
<a href="http://engawa.2ch.net/lifework/">生涯学習</a><br/>
<a href="http://anago.2ch.net/regulate/">通信行政</a><br/>
</div><!--Close Group Content-->
</div><!--Close Group-->
<div class="group"><div class="group-header" style="padding:5px;"><span class="open-close-icon"></span>裏社会</div>
<div class="group-content" style="margin-left:10px;">
<a href="http://awabi.2ch.net/company/">ちくり裏事情</a><br/>
<a href="http://uni.2ch.net/bouhan/">防犯・詐欺対策</a><br/>
<a href="http://toro.2ch.net/antispam/">架空請求・spam</a><br/>
<a href="http://anago.2ch.net/ihou/">薬・違法</a><br/>
<a href="http://anago.2ch.net/ihan/">違反の潰し方</a><br/>
</div><!--Close Group Content-->
</div><!--Close Group-->
<div class="group"><div class="group-header" style="padding:5px;"><span class="open-close-icon"></span>学問・理系</div>
<div class="group-content" style="margin-left:10px;">
<a href="http://uni.2ch.net/rikei/">理系全般</a><br/>
<a href="http://uni.2ch.net/sci/">物理</a><br/>
<a href="http://uni.2ch.net/life/">生物</a><br/>
<a href="http://ikura.2ch.net/bake/">化学</a><br/>
<a href="http://ikura.2ch.net/kikai/">機械・工学</a><br/>
<a href="http://uni.2ch.net/denki/">電気・電子</a><br/>
<a href="http://uni.2ch.net/robot/">ロボット技術</a><br/>
<a href="http://ikura.2ch.net/infosys/">情報システム</a><br/>
<a href="http://uni.2ch.net/informatics/">情報学</a><br/>
<a href="http://ikura.2ch.net/sim/">シミュレート</a><br/>
<a href="http://ikura.2ch.net/nougaku/">農学</a><br/>
<a href="http://ikura.2ch.net/sky/">天文・気象</a><br/>
<a href="http://uni.2ch.net/galileo/">宇宙</a><br/>
<a href="http://engawa.2ch.net/doctor/">医歯薬看護</a><br/>
<a href="http://uni.2ch.net/kampo/">東洋医学</a><br/>
<a href="http://uni.2ch.net/math/">数学</a><br/>
<a href="http://ikura.2ch.net/doboku/">土木・建築</a><br/>
<a href="http://ikura.2ch.net/material/">材料物性</a><br/>
<a href="http://toro.2ch.net/space/">航空・船舶</a><br/>
<a href="http://uni.2ch.net/future/">未来技術</a><br/>
<a href="http://uni.2ch.net/wild/">野生生物</a><br/>
<a href="http://uni.2ch.net/earth/">地球科学</a><br/>
</div><!--Close Group Content-->
</div><!--Close Group-->
<div class="group"><div class="group-header" style="padding:5px;"><span class="open-close-icon"></span>家電製品</div>
<div class="group-content" style="margin-left:10px;">
<a href="http://awabi.2ch.net/kaden/">家電製品</a><br/>
<a href="http://ikura.2ch.net/wm/">ポータブルAV</a><br/>
<a href="http://ikura.2ch.net/vcamera/">ビデオカメラ</a><br/>
<a href="http://ikura.2ch.net/bakery/">調理家電</a><br/>
<a href="http://ikura.2ch.net/toilet/">シャワートイレ</a><br/>
<a href="http://awabi.2ch.net/sony/">ソニー</a><br/>
<a href="http://engawa.2ch.net/apple2/">Apple</a><br/>
<a href="http://awabi.2ch.net/phs/">携帯・ＰＨＳ</a><br/>
<a href="http://awabi.2ch.net/keitai/">携帯機種</a><br/>
<a href="http://anago.2ch.net/smartphone/">スマートフォン</a><br/>
<a href="http://anago.2ch.net/iPhone/">iPhone</a><br/>
<a href="http://anago.2ch.net/android/">Android</a><br/>
<a href="http://awabi.2ch.net/chakumelo/">携帯コンテンツ</a><br/>
<a href="http://hayabusa3.2ch.net/appli/">携帯電話ゲー</a><br/>
<a href="http://anago.2ch.net/applism/">スマホアプリ</a><br/>
<a href="http://awabi.2ch.net/dgoods/">デジタルモノ</a><br/>
<a href="http://awabi.2ch.net/camera/">カメラ</a><br/>
<a href="http://toro.2ch.net/dcamera/">デジカメ</a><br/>
<a href="http://toro.2ch.net/av/">AV機器</a><br/>
<a href="http://awabi.2ch.net/pav/">ピュアAU</a><br/>
<a href="http://uni.2ch.net/battery/">電池等</a><br/>
</div><!--Close Group Content-->
</div><!--Close Group-->
<div class="group"><div class="group-header" style="padding:5px;"><span class="open-close-icon"></span>食文化</div>
<div class="group-content" style="margin-left:10px;">
<a href="http://ikura.2ch.net/food/">食べ物</a><br/>
<a href="http://ikura.2ch.net/candy/">お菓子</a><br/>
<a href="http://ikura.2ch.net/juice/">ソフトドリンク</a><br/>
<a href="http://ikura.2ch.net/pot/">お茶・珈琲</a><br/>
<a href="http://ikura.2ch.net/cook/">料理</a><br/>
<a href="http://anago.2ch.net/okome/">米・米加工品</a><br/>
<a href="http://engawa.2ch.net/yasai/">野菜・果物</a><br/>
<a href="http://uni.2ch.net/kinoko/">きのこ</a><br/>
<a href="http://ikura.2ch.net/salt/">調味料</a><br/>
<a href="http://toro.2ch.net/ramen/">ラーメン</a><br/>
<a href="http://ikura.2ch.net/nissin/">インスタント麺</a><br/>
<a href="http://ikura.2ch.net/jnoodle/">そば・うどん</a><br/>
<a href="http://ikura.2ch.net/sushi/">おすし</a><br/>
<a href="http://ikura.2ch.net/don/">丼</a><br/>
<a href="http://ikura.2ch.net/curry/">カレー</a><br/>
<a href="http://ikura.2ch.net/bread/">パン</a><br/>
<a href="http://ikura.2ch.net/pasta/">パスタ・ピザ</a><br/>
<a href="http://ikura.2ch.net/kbbq/">焼肉</a><br/>
<a href="http://ikura.2ch.net/konamono/">たこ焼き等</a><br/>
<a href="http://ikura.2ch.net/toba/">珍味</a><br/>
<a href="http://ikura.2ch.net/gurume/">グルメ外食</a><br/>
<a href="http://ikura.2ch.net/famires/">ファミレス</a><br/>
<a href="http://ikura.2ch.net/jfoods/">Ｂ級グルメ</a><br/>
<a href="http://ikura.2ch.net/bento/">弁当・駅弁</a><br/>
<a href="http://toro.2ch.net/sake/">お酒・Bar</a><br/>
<a href="http://ikura.2ch.net/wine/">ワイン</a><br/>
<a href="http://ikura.2ch.net/drunk/">居酒屋</a><br/>
<a href="http://ikura.2ch.net/recipe/">レシピ</a><br/>
<a href="http://ikura.2ch.net/patissier/">製菓・製パン</a><br/>
<a href="http://ikura.2ch.net/supplement/">健康食・サプリ</a><br/>
</div><!--Close Group Content-->
</div><!--Close Group-->
<div class="group"><div class="group-header" style="padding:5px;"><span class="open-close-icon"></span>ネタ雑談</div>
<div class="group-content" style="margin-left:10px;">
<a href="http://toro.2ch.net/shar/">新シャア専用</a><br/>
<a href="http://kohada.2ch.net/x3/">旧シャア専用</a><br/>
<a href="http://ikura.2ch.net/denpa/">電波・お花畑</a><br/>
<a href="http://anago.2ch.net/owarai/">お笑い小咄</a><br/>
<a href="http://kohada.2ch.net/2chbook/">同人ノウハウ</a><br/>
<a href="http://kohada.2ch.net/uwasa/">噂話</a><br/>
<a href="http://kohada.2ch.net/charaneta/">キャラネタ</a><br/>
<a href="http://kohada.2ch.net/charaneta2/">なりきりネタ</a><br/>
<a href="http://ikura.2ch.net/mascot/">マスコットキャラ</a><br/>
<a href="http://uni.2ch.net/senji/">戦時</a><br/>
</div><!--Close Group Content-->
</div><!--Close Group-->
<div class="group"><div class="group-header" style="padding:5px;"><span class="open-close-icon"></span>実況ch</div>
<div class="group-content" style="margin-left:10px;">
<a href="http://headline.2ch.net/bbylive/">実況headline</a><br/>
<a href="http://epg.2ch.net/tv2chwiki/">テレビ番組欄</a><br/>
<a href="http://hayabusa.2ch.net/livesaturn/">なんでも実況S</a><br/>
<a href="http://hayabusa.2ch.net/livevenus/">なんでも実況V</a><br/>
<a href="http://hayabusa.2ch.net/livejupiter/">なんでも実況J</a><br/>
<a href="http://kohada.2ch.net/liveuranus/">なんでも実況U</a><br/>
<a href="http://hayabusa.2ch.net/endless/">実況ch</a><br/>
<a href="http://hayabusa2.2ch.net/weekly/">番組ch</a><br/>
<a href="http://hayabusa2.2ch.net/livewkwest/">番組ch(西日本)</a><br/>
<a href="http://hayabusa2.2ch.net/livenhk/">番組ch(NHK)</a><br/>
<a href="http://hayabusa2.2ch.net/liveetv/">番組ch(教育)</a><br/>
<a href="http://hayabusa2.2ch.net/liventv/">番組ch(NTV)</a><br/>
<a href="http://hayabusa2.2ch.net/livetbs/">番組ch(TBS)</a><br/>
<a href="http://hayabusa2.2ch.net/livecx/">番組ch(フジ)</a><br/>
<a href="http://hayabusa2.2ch.net/liveanb/">番組ch(朝日)</a><br/>
<a href="http://hayabusa2.2ch.net/livetx/">番組ch(TX)</a><br/>
<a href="http://hayabusa2.2ch.net/livebs/">BS実況(NHK)</a><br/>
<a href="http://hayabusa.2ch.net/livebs2/">BS実況(無料)</a><br/>
<a href="http://hayabusa2.2ch.net/livewowow/">BS実況(有料)</a><br/>
<a href="http://hayabusa2.2ch.net/liveskyp/">スカパー実況</a><br/>
<a href="http://hayabusa2.2ch.net/liveradio/">ラジオ実況</a><br/>
<a href="http://hayabusa.2ch.net/liveanime/">アニメ特撮実況</a><br/>
<a href="http://hayabusa.2ch.net/kokkai/">議会選挙実況</a><br/>
<a href="http://hayabusa.2ch.net/dome/">スポーツch</a><br/>
<a href="http://hayabusa.2ch.net/livebase/">野球ch</a><br/>
<a href="http://hayabusa.2ch.net/livefoot/">サッカーch</a><br/>
<a href="http://hayabusa.2ch.net/oonna/">五輪実況(女)</a><br/>
<a href="http://hayabusa.2ch.net/ootoko/">五輪実況(男)</a><br/>
<a href="http://hayabusa.2ch.net/dancesite/">芸能ch</a><br/>
<a href="http://hayabusa.2ch.net/festival/">お祭りch</a><br/>
<a href="http://kohada.2ch.net/liveplus/">ニュース実況+</a><br/>
<a href="http://uni.2ch.net/jasmine/">streaming実況</a><br/>
<a href="http://hayabusa3.2ch.net/livemarket1/">市況1</a><br/>
<a href="http://hayabusa3.2ch.net/livemarket2/">市況2</a><br/>
</div><!--Close Group Content-->
</div><!--Close Group-->
<div class="group"><div class="group-header" style="padding:5px;"><span class="open-close-icon"></span>趣味</div>
<div class="group-content" style="margin-left:10px;">
<a href="http://awabi.2ch.net/hobby/">趣味一般</a><br/>
<a href="http://ikura.2ch.net/magic/">手品・曲芸</a><br/>
<a href="http://awabi.2ch.net/card/">トランプ</a><br/>
<a href="http://ikura.2ch.net/puzzle/">パズル</a><br/>
<a href="http://awabi.2ch.net/craft/">ハンドクラフト</a><br/>
<a href="http://toro.2ch.net/toy/">おもちゃ</a><br/>
<a href="http://awabi.2ch.net/zoid/">ゾイド</a><br/>
<a href="http://awabi.2ch.net/watch/">時計・小物</a><br/>
<a href="http://awabi.2ch.net/smoking/">煙草銘柄・器具</a><br/>
<a href="http://ikura.2ch.net/knife/">刃物</a><br/>
<a href="http://awabi.2ch.net/doll/">お人形</a><br/>
<a href="http://awabi.2ch.net/engei/">園芸</a><br/>
<a href="http://engawa.2ch.net/dog/">犬猫大好き</a><br/>
<a href="http://engawa.2ch.net/pet/">ペット大好き</a><br/>
<a href="http://awabi.2ch.net/aquarium/">アクアリウム</a><br/>
<a href="http://ikura.2ch.net/goldenfish/">日本の淡水魚</a><br/>
<a href="http://ikura.2ch.net/insect/">昆虫・節足動物</a><br/>
<a href="http://ikura.2ch.net/cat/">生き物苦手</a><br/>
<a href="http://anago.2ch.net/bike/">バイク</a><br/>
<a href="http://kohada.2ch.net/car/">車</a><br/>
<a href="http://engawa.2ch.net/kcar/">軽自動車</a><br/>
<a href="http://kohada.2ch.net/auto/">車種・メーカー</a><br/>
<a href="http://engawa.2ch.net/usedcar/">中古車</a><br/>
<a href="http://engawa.2ch.net/truck/">大型・特殊車両</a><br/>
<a href="http://toro.2ch.net/army/">軍事</a><br/>
<a href="http://awabi.2ch.net/radio/">無線</a><br/>
<a href="http://toro.2ch.net/train/">鉄道総合</a><br/>
<a href="http://toro.2ch.net/rail/">鉄道路線・車両</a><br/>
<a href="http://engawa.2ch.net/jnr/">鉄道懐かし</a><br/>
<a href="http://ikura.2ch.net/ice/">鉄道(海外)</a><br/>
<a href="http://ikura.2ch.net/gage/">鉄道模型</a><br/>
<a href="http://engawa.2ch.net/bus/">バス・バス路線</a><br/>
<a href="http://awabi.2ch.net/airline/">エアライン</a><br/>
<a href="http://awabi.2ch.net/mokei/">模型・プラモ</a><br/>
<a href="http://ikura.2ch.net/radiocontrol/">RC（ラジコン)</a><br/>
<a href="http://awabi.2ch.net/gun/">サバゲー</a><br/>
<a href="http://ikura.2ch.net/fireworks/">花火</a><br/>
<a href="http://engawa.2ch.net/warhis/">三国志・戦国</a><br/>
<a href="http://ikura.2ch.net/chinahero/">中国英雄</a><br/>
<a href="http://ikura.2ch.net/sengoku/">戦国時代</a><br/>
<a href="http://ikura.2ch.net/nanminhis/">歴史難民</a><br/>
<a href="http://awabi.2ch.net/dance/">ダンス</a><br/>
<a href="http://awabi.2ch.net/bird/">野鳥観察</a><br/>
<a href="http://awabi.2ch.net/collect/">コレクション</a><br/>
<a href="http://ikura.2ch.net/photo/">写真撮影</a><br/>
</div><!--Close Group Content-->
</div><!--Close Group-->
<div class="group"><div class="group-header" style="padding:5px;"><span class="open-close-icon"></span>球技</div>
<div class="group-content" style="margin-left:10px;">
<a href="http://uni.2ch.net/base/">プロ野球</a><br/>
<a href="http://kohada.2ch.net/npb/">球界改革議論</a><br/>
<a href="http://uni.2ch.net/meikyu/">野球殿堂</a><br/>
<a href="http://awabi.2ch.net/mlb/">野球総合</a><br/>
<a href="http://kohada.2ch.net/hsb/">高校野球</a><br/>
<a href="http://kohada.2ch.net/kyozin/">アンチ球団</a><br/>
<a href="http://ikura.2ch.net/soccer/">国内サッカー</a><br/>
<a href="http://kohada.2ch.net/eleven/">日本代表蹴球</a><br/>
<a href="http://uni.2ch.net/wc/">ワールドカップ</a><br/>
<a href="http://ikura.2ch.net/football/">海外サッカー</a><br/>
<a href="http://kohada.2ch.net/basket/">バスケット</a><br/>
<a href="http://engawa.2ch.net/tennis/">テニス</a><br/>
<a href="http://engawa.2ch.net/volley/">バレーボール</a><br/>
<a href="http://engawa.2ch.net/ovalball/">ラグビー</a><br/>
<a href="http://engawa.2ch.net/pingpong/">卓球</a><br/>
<a href="http://engawa.2ch.net/gutter/">ボウリング</a><br/>
<a href="http://engawa.2ch.net/golf/">ゴルフ</a><br/>
<a href="http://engawa.2ch.net/billiards/">ビリヤード</a><br/>
<a href="http://engawa.2ch.net/ballgame/">その他球技</a><br/>
</div><!--Close Group Content-->
</div><!--Close Group-->
<div class="group"><div class="group-header" style="padding:5px;"><span class="open-close-icon"></span>旅行・外出</div>
<div class="group-content" style="margin-left:10px;">
<a href="http://ikura.2ch.net/oversea/">海外旅行</a><br/>
<a href="http://anago.2ch.net/21oversea/">危ない海外</a><br/>
<a href="http://ikura.2ch.net/travel/">国内旅行</a><br/>
<a href="http://ikura.2ch.net/hotel/">ホテル･旅館</a><br/>
<a href="http://ikura.2ch.net/localfoods/">土産物・特産物</a><br/>
<a href="http://ikura.2ch.net/tropical/">トロピカル</a><br/>
<a href="http://ikura.2ch.net/onsen/">温泉</a><br/>
<a href="http://toro.2ch.net/park/">遊園地</a><br/>
<a href="http://ikura.2ch.net/zoo/">動物園・水族館</a><br/>
<a href="http://ikura.2ch.net/museum/">博物館・美術館</a><br/>
<a href="http://ikura.2ch.net/out/">登山キャンプ</a><br/>
</div><!--Close Group Content-->
</div><!--Close Group-->
<div class="group"><div class="group-header" style="padding:5px;"><span class="open-close-icon"></span>芸能</div>
<div class="group-content" style="margin-left:10px;">
<a href="http://anago.2ch.net/geino/">芸能</a><br/>
<a href="http://anago.2ch.net/celebrity/">海外芸能人</a><br/>
<a href="http://uni.2ch.net/4sama/">アジアエンタメ</a><br/>
<a href="http://anago.2ch.net/kyon2/">懐かし芸能人</a><br/>
<a href="http://anago.2ch.net/actor/">男性俳優</a><br/>
<a href="http://anago.2ch.net/actress/">女優</a><br/>
<a href="http://anago.2ch.net/geinoj/">U-15タレント</a><br/>
<a href="http://toro.2ch.net/geinin/">お笑い芸人</a><br/>
<a href="http://kohada.2ch.net/ana/">アナウンサー</a><br/>
<a href="http://anago.2ch.net/ami/">あみ＆あゆ</a><br/>
<a href="http://anago.2ch.net/apple/">椎名林檎</a><br/>
<a href="http://anago.2ch.net/ainotane/">モ娘（羊）</a><br/>
<a href="http://anago.2ch.net/zurui/">モ娘（鳩）</a><br/>
<a href="http://anago.2ch.net/mendol/">男性アイドル</a><br/>
<a href="http://kohada.2ch.net/idol/">女性アイドル</a><br/>
<a href="http://awabi.2ch.net/akb/">地下アイドル</a><br/>
<a href="http://uni.2ch.net/ske/">ローカルアイドル</a><br/>
<a href="http://anago.2ch.net/jan/">ジャニーズ</a><br/>
<a href="http://anago.2ch.net/smap/">スマップ</a><br/>
<a href="http://anago.2ch.net/jr/">ジャニーズ２</a><br/>
<a href="http://anago.2ch.net/jr2/">ジャニーズJr</a><br/>
</div><!--Close Group Content-->
</div><!--Close Group-->
<div class="group"><div class="group-header" style="padding:5px;"><span class="open-close-icon"></span>ゲーム</div>
<div class="group-content" style="margin-left:10px;">
<a href="http://toro.2ch.net/gsaloon/">ゲームサロン</a><br/>
<a href="http://awabi.2ch.net/gamenews/">ゲーム速報</a><br/>
<a href="http://kohada.2ch.net/gameover/">家ゲー攻略</a><br/>
<a href="http://kohada.2ch.net/goveract/">家ゲACT攻略</a><br/>
<a href="http://kohada.2ch.net/goverrpg/">家ゲRPG攻略</a><br/>
<a href="http://toro.2ch.net/gamerpg/">家ゲーRPG</a><br/>
<a href="http://kohada.2ch.net/ff/">FF・ドラクエ</a><br/>
<a href="http://kohada.2ch.net/gamesrpg/">家ゲーSRPG</a><br/>
<a href="http://toro.2ch.net/gamerobo/">ロボットゲー</a><br/>
<a href="http://toro.2ch.net/gal/">ギャルゲー</a><br/>
<a href="http://kohada.2ch.net/ggirl/">女向ゲー一般</a><br/>
<a href="http://kohada.2ch.net/gamespo/">スポーツ・RACE</a><br/>
<a href="http://kohada.2ch.net/gamehis/">歴史ゲーム</a><br/>
<a href="http://kohada.2ch.net/otoge/">音ゲー</a><br/>
<a href="http://ikura.2ch.net/gamefight/">格闘ゲーム</a><br/>
<a href="http://kohada.2ch.net/gamestg/">シューティング</a><br/>
<a href="http://kohada.2ch.net/gamef/">PCアクション</a><br/>
<a href="http://kohada.2ch.net/fly/">フライトシム</a><br/>
<a href="http://toro.2ch.net/famicom/">家庭用ゲーム</a><br/>
<a href="http://anago.2ch.net/zgame/">家ゲーZ区分</a><br/>
<a href="http://kohada.2ch.net/retro/">レトロゲーム</a><br/>
<a href="http://kohada.2ch.net/retro2/">家ゲーレトロ</a><br/>
<a href="http://kohada.2ch.net/game90/">レトロ32bit以上</a><br/>
<a href="http://toro.2ch.net/arc/">アーケード</a><br/>
<a href="http://anago.2ch.net/rarc/">アケゲーレトロ</a><br/>
<a href="http://kohada.2ch.net/amusement/">メダル・プライズ</a><br/>
<a href="http://kohada.2ch.net/gecen/">ゲーセン</a><br/>
<a href="http://anago.2ch.net/game/">PCゲーム</a><br/>
<a href="http://engawa.2ch.net/gameama/">同人ゲーム</a><br/>
<a href="http://uni.2ch.net/gameswf/">ブラウザゲーム</a><br/>
<a href="http://kohada.2ch.net/cgame/">卓上ゲーム</a><br/>
<a href="http://anago.2ch.net/tcg/">TCG</a><br/>
<a href="http://toro.2ch.net/bgame/">将棋・チェス</a><br/>
<a href="http://kohada.2ch.net/gamestones/">囲碁・オセロ</a><br/>
<a href="http://kohada.2ch.net/quiz/">クイズ雑学</a><br/>
<a href="http://anago.2ch.net/ghard/">ハード・業界</a><br/>
<a href="http://kohada.2ch.net/gameurawaza/">裏技・改造</a><br/>
<a href="http://kohada.2ch.net/gamechara/">ゲームキャラ</a><br/>
<a href="http://kohada.2ch.net/gamemusic/">ゲーム音楽</a><br/>
</div><!--Close Group Content-->
</div><!--Close Group-->
<div class="group"><div class="group-header" style="padding:5px;"><span class="open-close-icon"></span>ネットゲーム</div>
<div class="group-content" style="margin-left:10px;">
<a href="http://engawa.2ch.net/mmonews/">ネトゲ速報</a><br/>
<a href="http://kohada.2ch.net/mmoqa/">ネトゲ質問</a><br/>
<a href="http://awabi.2ch.net/ogame/">ネトゲ実況</a><br/>
<a href="http://awabi.2ch.net/ogame2/">ネトゲ実況2</a><br/>
<a href="http://awabi.2ch.net/ogame3/">ネトゲ実況3</a><br/>
<a href="http://kohada.2ch.net/mmosaloon/">ネトゲサロン</a><br/>
<a href="http://toro.2ch.net/netgame/">ネットゲーム</a><br/>
<a href="http://toro.2ch.net/mmo/">大規模MMO</a><br/>
<a href="http://kohada.2ch.net/mmominor/">小規模MMO</a><br/>
</div><!--Close Group Content-->
</div><!--Close Group-->
<div class="group"><div class="group-header" style="padding:5px;"><span class="open-close-icon"></span>音楽</div>
<div class="group-content" style="margin-left:10px;">
<a href="http://ikura.2ch.net/musicnews/">芸能音楽速報</a><br/>
<a href="http://awabi.2ch.net/msaloon/">音楽サロン</a><br/>
<a href="http://awabi.2ch.net/mjsaloon/">邦楽サロン</a><br/>
<a href="http://awabi.2ch.net/musicj/">邦楽</a><br/>
<a href="http://awabi.2ch.net/musicjm/">邦楽男性ソロ</a><br/>
<a href="http://awabi.2ch.net/musicjf/">邦楽女性ソロ</a><br/>
<a href="http://toro.2ch.net/musicjg/">邦楽グループ</a><br/>
<a href="http://uni.2ch.net/natsumeloj/">懐メロ邦楽</a><br/>
<a href="http://awabi.2ch.net/enka/">演歌</a><br/>
<a href="http://awabi.2ch.net/mesaloon/">洋楽サロン</a><br/>
<a href="http://awabi.2ch.net/musice/">洋楽</a><br/>
<a href="http://ikura.2ch.net/natsumeloe/">懐メロ洋楽</a><br/>
<a href="http://awabi.2ch.net/music/">音楽一般</a><br/>
<a href="http://uni.2ch.net/beatles/">ビートルズ</a><br/>
<a href="http://anago.2ch.net/visual/">ヴィジュサロン</a><br/>
<a href="http://toro.2ch.net/visualb/">ヴィジュバンド</a><br/>
<a href="http://awabi.2ch.net/dj/">ＤＪ・クラブ</a><br/>
<a href="http://awabi.2ch.net/disco/">ディスコ</a><br/>
<a href="http://awabi.2ch.net/randb/">R&B・SOUL</a><br/>
<a href="http://awabi.2ch.net/punk/">パンク</a><br/>
<a href="http://awabi.2ch.net/hrhm/">HR・HM</a><br/>
<a href="http://awabi.2ch.net/hiphop/">HIPHOP</a><br/>
<a href="http://awabi.2ch.net/techno/">TECHNO</a><br/>
<a href="http://awabi.2ch.net/progre/">プログレ</a><br/>
<a href="http://ikura.2ch.net/healmusic/">ヒーリング音楽</a><br/>
<a href="http://awabi.2ch.net/wmusic/">ワールド音楽</a><br/>
<a href="http://anago.2ch.net/reggae/">レゲエ</a><br/>
<a href="http://awabi.2ch.net/classic/">ジャズ</a><br/>
<a href="http://ikura.2ch.net/fusion/">フュージョン</a><br/>
<a href="http://awabi.2ch.net/classical/">クラシック</a><br/>
<a href="http://awabi.2ch.net/contemporary/">現代音楽</a><br/>
<a href="http://awabi.2ch.net/nika/">エレクトロニカ</a><br/>
<a href="http://awabi.2ch.net/suisou/">吹奏楽</a><br/>
<a href="http://ikura.2ch.net/chorus/">合唱</a><br/>
<a href="http://awabi.2ch.net/doyo/">童謡・唱歌</a><br/>
<a href="http://kohada.2ch.net/asong/">アニソン等</a><br/>
<a href="http://ikura.2ch.net/soundtrack/">サントラ</a><br/>
<a href="http://awabi.2ch.net/karaok/">カラオケ</a><br/>
<a href="http://awabi.2ch.net/legend/">伝説の</a><br/>
<a href="http://awabi.2ch.net/minor/">インディーズ</a><br/>
<a href="http://ikura.2ch.net/band/">バンド</a><br/>
<a href="http://awabi.2ch.net/compose/">楽器・作曲</a><br/>
<a href="http://ikura.2ch.net/piano/">鍵盤楽器</a><br/>
</div><!--Close Group Content-->
</div><!--Close Group-->
<div class="group"><div class="group-header" style="padding:5px;"><span class="open-close-icon"></span>ＰＣ等</div>
<div class="group-content" style="margin-left:10px;">
<a href="http://engawa.2ch.net/pc2nanmin/">PCサロン</a><br/>
<a href="http://kohada.2ch.net/pcnews/">PCニュース</a><br/>
<a href="http://toro.2ch.net/win/">Windows</a><br/>
<a href="http://engawa.2ch.net/jobs/">旧・mac</a><br/>
<a href="http://anago.2ch.net/mac/">新・mac</a><br/>
<a href="http://kohada.2ch.net/os/">OS</a><br/>
<a href="http://toro.2ch.net/desktop/">デスクトップ</a><br/>
<a href="http://kohada.2ch.net/pc/">パソコン一般</a><br/>
<a href="http://anago.2ch.net/notepc/">ノートPC</a><br/>
<a href="http://anago.2ch.net/jisaku/">自作PC</a><br/>
<a href="http://kohada.2ch.net/printer/">プリンタ</a><br/>
<a href="http://toro.2ch.net/hard/">ハードウェア</a><br/>
<a href="http://toro.2ch.net/cdr/">CD-R,DVD</a><br/>
<a href="http://anago.2ch.net/software/">ソフトウェア</a><br/>
<a href="http://anago.2ch.net/mobile/">モバイル</a><br/>
<a href="http://toro.2ch.net/bsoft/">ビジネスsoft</a><br/>
<a href="http://toro.2ch.net/unix/">UNIX</a><br/>
<a href="http://toro.2ch.net/db/">データベース</a><br/>
<a href="http://engawa.2ch.net/linux/">Linux</a><br/>
<a href="http://kohada.2ch.net/prog/">プログラマー</a><br/>
<a href="http://toro.2ch.net/tech/">プログラム</a><br/>
<a href="http://toro.2ch.net/cg/">ＣＧ</a><br/>
<a href="http://anago.2ch.net/dtm/">DTM</a><br/>
<a href="http://toro.2ch.net/avi/">DTV</a><br/>
<a href="http://toro.2ch.net/swf/">FLASH</a><br/>
<a href="http://toro.2ch.net/gamedev/">ゲ製作技術</a><br/>
<a href="http://ikura.2ch.net/i4004/">昔のPC</a><br/>
</div><!--Close Group Content-->
</div><!--Close Group-->
<div class="group"><div class="group-header" style="padding:5px;"><span class="open-close-icon"></span>雑談系２</div>
<div class="group-content" style="margin-left:10px;">
<a href="http://ikura.2ch.net/bobby/">おいらロビー</a><br/>
<a href="http://anago.2ch.net/lobby/">ロビー</a><br/>
<a href="http://ikura.2ch.net/maru/">●</a><br/>
<a href="http://awabi.2ch.net/mog2/">なんでもあり</a><br/>
<a href="http://ikura.2ch.net/mukashi/">昔</a><br/>
<a href="http://toro.2ch.net/kitchen/">厨房！</a><br/>
<a href="http://anago.2ch.net/tubo/">最悪</a><br/>
<a href="http://ikura.2ch.net/joke/">学歴</a><br/>
<a href="http://anago.2ch.net/shugi/">主義・主張</a><br/>
<a href="http://anago.2ch.net/rights/">人権問題</a><br/>
<a href="http://engawa.2ch.net/accuse/">2ch批判要望</a><br/>
<a href="http://hayabusa3.2ch.net/morningcoffee/">モ娘（狼）</a><br/>
<a href="http://engawa.2ch.net/ranking/">格付け</a><br/>
<a href="http://anago.2ch.net/record/">新記録・珍記録</a><br/>
<a href="http://toro.2ch.net/siberia/">シベリア超速報</a><br/>
<a href="http://hayabusa.2ch.net/news4vip/">ニュー速VIP</a><br/>
<a href="http://hayabusa3.2ch.net/news4viptasu/">ニュー速VIP+</a><br/>
<a href="http://engawa.2ch.net/poverty/">ニュー速(嫌儲)</a><br/>
<a href="http://anago.2ch.net/heaven4vip/">天国</a><br/>
<a href="http://anago.2ch.net/neet4vip/">ニー速</a><br/>
<a href="http://engawa.2ch.net/aniki/">ガチホモ</a><br/>
</div><!--Close Group Content-->
</div><!--Close Group-->