999532582/l50,失敗したベンチャー企業,803
9241311011/l50,【924】盗まれた想い出。。。,3
1386548748/l50,売り上げ微増も飽和状態■ﾆｭｰｽｷﾝ･ﾌｧｰﾏﾈｯｸｽ■69,317
1375154199/l50,ベ・イ・カ・レ・ン・ト23,56
1378987380/l50,究極の「Ｈ」【水素 Ｈ＆Ｈ】組織移動 Part.2,554
1378938488/l50,【25周年】ニューウエイズPart.62【拡大？】,175
1089376993/l50,音楽業界関係の会社立ち上げたい人集まれ！,138
1323872164/l50,【日没】脇本和郎【泥沼深淵】はどうよ_９難,580